---
source: tui/src/modals/confirm_quit_modal.rs
expression: terminal.backend()
---
"                                        "
"                                        "
"                                        "
"                                        "
"┌Confirm Quit──────────────────────────┐"
"│ Are you sure you want to quit? (y/n) │"
"└──────────────────────────────────────┘"
"                                        "
"                                        "
"                                        "
