---
source: tui/src/app.rs
expression: terminal.backend()
---
"                                                                                "
"                                                                                "
"                                                                                "
"                                                                                "
"                                                                                "
"                                                                                "
"                                                                                "
"                                                                                "
"                                                                                "
"                                                                                "
"         ┌────────────────────────────────────────────────────────────┐         "
"         │ Waiting for requests on localhost:8888 (press 'q' to quit) │         "
"         └────────────────────────────────────────────────────────────┘         "
"                                                                                "
"                                                                                "
"                                                                                "
"                                                                                "
"                                                                                "
"                                                                                "
"                                                                                "
"                                                                                "
"                                                                                "
"                                                                                "
"                                                                                "
